
Error: JAVA_HOME not found in your environment. 
Please set the JAVA_HOME variable in your environment to match the 
location of your Java installation. 

